<?xml version="1.0" encoding="UTF-8"?>
<TestRun id="b59f9725-6169-41e3-81a2-58c05c859c54" name="mbarcins@MBARCINS-MOBL 2011-09-19 14:19:06" runUser="GER\mbarcins" xmlns="http://microsoft.com/schemas/VisualStudio/TeamTest/2010">
  <TestSettings name="Local" id="fafce9d2-4f08-492c-9b16-1edb663b22f6">
    <Description>These are default test settings for a local test run.</Description>
    <Deployment enabled="false" runDeploymentRoot="mbarcins_MBARCINS-MOBL 2011-09-19 14_19_06">
      <DeploymentItem filename="C:\Users\mbarcins\Desktop\szkoła\grupowy\StudentsDatabase\StudentsDatabase.Core\bin\Debug\StudentsDatabase.Core.dll" />
    </Deployment>
    <Execution>
      <TestTypeSpecific />
      <AgentRule name="Execution Agents">
      </AgentRule>
    </Execution>
  </TestSettings>
  <Times creation="2011-09-19T14:19:06.0095528+02:00" queuing="2011-09-19T14:19:06.0695562+02:00" start="2011-09-19T14:19:06.0835570+02:00" finish="2011-09-19T14:19:06.3745736+02:00" />
  <ResultSummary outcome="Completed">
    <Counters total="1" executed="1" passed="1" error="0" failed="0" timeout="0" aborted="0" inconclusive="0" passedButRunAborted="0" notRunnable="0" notExecuted="0" disconnected="0" warning="0" completed="0" inProgress="0" pending="0" />
  </ResultSummary>
  <TestDefinitions>
    <UnitTest name="MetodaSzukajOsobyZwracaPrawidlowaOsobe" storage="c:\users\mbarcins\desktop\szkoła\grupowy\studentsdatabase\studentsdatabase\bin\debug\studentsdatabase.dll" id="f4f720ed-efdd-60c2-e5a3-45d1632fcacb">
      <Execution id="606f8a97-38bd-43b8-b26e-a6269d2898b0" />
      <TestMethod codeBase="C:/Users/mbarcins/Desktop/szkoła/grupowy/StudentsDatabase/StudentsDatabase/bin/Debug/StudentsDatabase.DLL" adapterTypeName="Microsoft.VisualStudio.TestTools.TestTypes.Unit.UnitTestAdapter, Microsoft.VisualStudio.QualityTools.Tips.UnitTest.Adapter, Version=10.0.0.0, Culture=neutral, PublicKeyToken=b03f5f7f11d50a3a" className="StudentsDatabase.OsobyPrzedmiotyDatabaseTesty, StudentsDatabase, Version=1.0.0.0, Culture=neutral, PublicKeyToken=null" name="MetodaSzukajOsobyZwracaPrawidlowaOsobe" />
    </UnitTest>
  </TestDefinitions>
  <TestLists>
    <TestList name="Results Not in a List" id="8c84fa94-04c1-424b-9868-57a2d4851a1d" />
    <TestList name="All Loaded Results" id="19431567-8539-422a-85d7-44ee4e166bda" />
  </TestLists>
  <TestEntries>
    <TestEntry testId="f4f720ed-efdd-60c2-e5a3-45d1632fcacb" executionId="606f8a97-38bd-43b8-b26e-a6269d2898b0" testListId="8c84fa94-04c1-424b-9868-57a2d4851a1d" />
  </TestEntries>
  <Results>
    <UnitTestResult executionId="606f8a97-38bd-43b8-b26e-a6269d2898b0" testId="f4f720ed-efdd-60c2-e5a3-45d1632fcacb" testName="MetodaSzukajOsobyZwracaPrawidlowaOsobe" computerName="MBARCINS-MOBL" duration="00:00:00.0123878" startTime="2011-09-19T14:19:06.0925575+02:00" endTime="2011-09-19T14:19:06.3545725+02:00" testType="13cdc9d9-ddb5-4fa4-a97d-d965ccfc6d4b" outcome="Passed" testListId="8c84fa94-04c1-424b-9868-57a2d4851a1d" relativeResultsDirectory="606f8a97-38bd-43b8-b26e-a6269d2898b0">
    </UnitTestResult>
  </Results>
</TestRun>